// Jest Snapshot v1, https://goo.gl/fbAQLP

exports[` 1`] = `ShallowWrapper {}`;

exports[`App.tsx  snapshot test 1`] = `ShallowWrapper {}`;
