// Jest Snapshot v1, https://goo.gl/fbAQLP

exports[` 1`] = `ShallowWrapper {}`;

exports[`Home Component Test snapshot test 1`] = `ShallowWrapper {}`;
